Component: ARM Compiler 5.05 update 2 (build 169) Tool: armlink [4d0f33]

==============================================================================

Section Cross References

    startup_stm32f10x_hd.o(RESET) refers to startup_stm32f10x_hd.o(STACK) for __initial_sp
    startup_stm32f10x_hd.o(RESET) refers to startup_stm32f10x_hd.o(.text) for Reset_Handler
    startup_stm32f10x_hd.o(RESET) refers to stm32f10x_it.o(.text) for NMI_Handler
    startup_stm32f10x_hd.o(.text) refers to system_stm32f10x.o(.text) for SystemInit
    startup_stm32f10x_hd.o(.text) refers to entry.o(.ARM.Collect$$$$00000000) for __main
    system_stm32f10x.o(.text) refers to system_stm32f10x.o(.data) for SystemCoreClock
    stm32f10x_adc.o(.text) refers to stm32f10x_rcc.o(.text) for RCC_APB2PeriphResetCmd
    stm32f10x_bkp.o(.text) refers to stm32f10x_rcc.o(.text) for RCC_BackupResetCmd
    stm32f10x_can.o(.text) refers to stm32f10x_rcc.o(.text) for RCC_APB1PeriphResetCmd
    stm32f10x_cec.o(.text) refers to stm32f10x_rcc.o(.text) for RCC_APB1PeriphResetCmd
    stm32f10x_dac.o(.text) refers to stm32f10x_rcc.o(.text) for RCC_APB1PeriphResetCmd
    stm32f10x_gpio.o(.text) refers to stm32f10x_rcc.o(.text) for RCC_APB2PeriphResetCmd
    stm32f10x_i2c.o(.text) refers to stm32f10x_rcc.o(.text) for RCC_APB1PeriphResetCmd
    stm32f10x_pwr.o(.text) refers to stm32f10x_rcc.o(.text) for RCC_APB1PeriphResetCmd
    stm32f10x_rcc.o(.text) refers to stm32f10x_rcc.o(.data) for APBAHBPrescTable
    stm32f10x_spi.o(.text) refers to stm32f10x_rcc.o(.text) for RCC_APB2PeriphResetCmd
    stm32f10x_tim.o(.text) refers to stm32f10x_rcc.o(.text) for RCC_APB2PeriphResetCmd
    stm32f10x_usart.o(.text) refers to stm32f10x_rcc.o(.text) for RCC_APB2PeriphResetCmd
    stm32f10x_wwdg.o(.text) refers to stm32f10x_rcc.o(.text) for RCC_APB1PeriphResetCmd
    main.o(.text) refers to bsp_led.o(.text) for led_init
    main.o(.text) refers to motor.o(.text) for motor_init
    main.o(.text) refers to simple.o(.text) for sensor_init
    main.o(.text) refers to bsp_pwm.o(.text) for timer_Init
    main.o(.text) refers to bsp_delay.o(.text) for systick_delay_us
    main.o(.text) refers to trace_control.o(.text) for trace_normal
    main.o(.text) refers to main.o(.data) for nr_case
    stm32f10x_it.o(.text) refers to stm32f10x_tim.o(.text) for TIM_GetITStatus
    stm32f10x_it.o(.text) refers to motor.o(.text) for motor_stop
    stm32f10x_it.o(.text) refers to bsp_delay.o(.text) for systick_delay_us
    stm32f10x_it.o(.text) refers to stm32f10x_exti.o(.text) for EXTI_ClearITPendingBit
    stm32f10x_it.o(.text) refers to main.o(.data) for left_spin_lock
    stm32f10x_it.o(.text) refers to motor.o(.data) for motor_speed_mode
    bsp_led.o(.text) refers to stm32f10x_rcc.o(.text) for RCC_APB2PeriphClockCmd
    bsp_led.o(.text) refers to stm32f10x_gpio.o(.text) for GPIO_Init
    bsp_usart.o(.text) refers to misc.o(.text) for NVIC_PriorityGroupConfig
    bsp_usart.o(.text) refers to stm32f10x_rcc.o(.text) for RCC_APB2PeriphClockCmd
    bsp_usart.o(.text) refers to stm32f10x_gpio.o(.text) for GPIO_Init
    bsp_usart.o(.text) refers to stm32f10x_usart.o(.text) for USART_Init
    bsp_pwm.o(.text) refers to stm32f10x_rcc.o(.text) for RCC_APB2PeriphClockCmd
    bsp_pwm.o(.text) refers to stm32f10x_gpio.o(.text) for GPIO_Init
    bsp_pwm.o(.text) refers to stm32f10x_tim.o(.text) for TIM_TimeBaseInit
    bsp_pwm.o(.text) refers to misc.o(.text) for NVIC_PriorityGroupConfig
    motor.o(.text) refers to stm32f10x_rcc.o(.text) for RCC_APB2PeriphClockCmd
    motor.o(.text) refers to stm32f10x_gpio.o(.text) for GPIO_Init
    motor.o(.text) refers to bsp_pwm.o(.text) for GENERAL_TIM_Init
    motor.o(.text) refers to bsp_delay.o(.text) for systick_delay_us
    motor.o(.text) refers to motor.o(.data) for control_pin_table
    motor.o(.text) refers to main.o(.data) for MOTOR_NORMAL_SPEED_LEVEL
    simple.o(.text) refers to misc.o(.text) for NVIC_PriorityGroupConfig
    simple.o(.text) refers to stm32f10x_rcc.o(.text) for RCC_APB2PeriphClockCmd
    simple.o(.text) refers to stm32f10x_gpio.o(.text) for GPIO_Init
    simple.o(.text) refers to stm32f10x_exti.o(.text) for EXTI_Init
    simple.o(.text) refers to bsp_delay.o(.text) for systick_delay_us
    simple.o(.text) refers to motor.o(.text) for motor_spin_left
    simple.o(.text) refers to trace_control.o(.text) for trace_spin_left
    simple.o(.text) refers to simple.o(.data) for sensor_pin_table
    simple.o(.text) refers to main.o(.data) for left_spin_lock
    simple.o(.text) refers to motor.o(.data) for motor_speed_mode
    trace_control.o(.text) refers to motor.o(.text) for motor_brake
    trace_control.o(.text) refers to main.o(.data) for MOTOR_NORMAL_SPEED_LEVEL
    bsp_delay.o(.text) refers to system_stm32f10x.o(.data) for SystemCoreClock
    entry.o(.ARM.Collect$$$$00000000) refers (Special) to entry10a.o(.ARM.Collect$$$$0000000D) for __rt_final_cpp
    entry.o(.ARM.Collect$$$$00000000) refers (Special) to entry11a.o(.ARM.Collect$$$$0000000F) for __rt_final_exit
    entry.o(.ARM.Collect$$$$00000000) refers (Special) to entry7b.o(.ARM.Collect$$$$00000008) for _main_clock
    entry.o(.ARM.Collect$$$$00000000) refers (Special) to entry8b.o(.ARM.Collect$$$$0000000A) for _main_cpp_init
    entry.o(.ARM.Collect$$$$00000000) refers (Special) to entry9a.o(.ARM.Collect$$$$0000000B) for _main_init
    entry.o(.ARM.Collect$$$$00000000) refers (Special) to entry5.o(.ARM.Collect$$$$00000004) for _main_scatterload
    entry.o(.ARM.Collect$$$$00000000) refers (Special) to entry2.o(.ARM.Collect$$$$00000001) for _main_stk
    entry2.o(.ARM.Collect$$$$00000001) refers to entry2.o(.ARM.Collect$$$$00002712) for __lit__00000000
    entry2.o(.ARM.Collect$$$$00002712) refers to startup_stm32f10x_hd.o(STACK) for __initial_sp
    entry2.o(__vectab_stack_and_reset_area) refers to startup_stm32f10x_hd.o(STACK) for __initial_sp
    entry2.o(__vectab_stack_and_reset_area) refers to entry.o(.ARM.Collect$$$$00000000) for __main
    entry5.o(.ARM.Collect$$$$00000004) refers to init.o(.text) for __scatterload
    entry9a.o(.ARM.Collect$$$$0000000B) refers to main.o(.text) for main
    entry9b.o(.ARM.Collect$$$$0000000C) refers to main.o(.text) for main
    init.o(.text) refers to entry5.o(.ARM.Collect$$$$00000004) for __main_after_scatterload


==============================================================================

Removing Unused input sections from the image.

    Removing startup_stm32f10x_hd.o(HEAP), (512 bytes).
    Removing core_cm3.o(.emb_text), (32 bytes).
    Removing stm32f10x_adc.o(.text), (1102 bytes).
    Removing stm32f10x_bkp.o(.text), (196 bytes).
    Removing stm32f10x_can.o(.text), (2544 bytes).
    Removing stm32f10x_cec.o(.text), (288 bytes).
    Removing stm32f10x_crc.o(.text), (72 bytes).
    Removing stm32f10x_dac.o(.text), (396 bytes).
    Removing stm32f10x_dbgmcu.o(.text), (48 bytes).
    Removing stm32f10x_dma.o(.text), (596 bytes).
    Removing stm32f10x_flash.o(.text), (1468 bytes).
    Removing stm32f10x_fsmc.o(.text), (1548 bytes).
    Removing stm32f10x_i2c.o(.text), (1028 bytes).
    Removing stm32f10x_iwdg.o(.text), (64 bytes).
    Removing stm32f10x_pwr.o(.text), (204 bytes).
    Removing stm32f10x_rtc.o(.text), (328 bytes).
    Removing stm32f10x_sdio.o(.text), (468 bytes).
    Removing stm32f10x_spi.o(.text), (780 bytes).
    Removing stm32f10x_usart.o(.text), (1032 bytes).
    Removing stm32f10x_wwdg.o(.text), (136 bytes).
    Removing bsp_usart.o(.text), (424 bytes).

21 unused section(s) (total 13266 bytes) removed from the image.

==============================================================================

Image Symbol Table

    Local Symbols

    Symbol Name                              Value     Ov Type        Size  Object(Section)

    ../clib/microlib/init/entry.s            0x00000000   Number         0  entry9a.o ABSOLUTE
    ../clib/microlib/init/entry.s            0x00000000   Number         0  entry2.o ABSOLUTE
    ../clib/microlib/init/entry.s            0x00000000   Number         0  entry5.o ABSOLUTE
    ../clib/microlib/init/entry.s            0x00000000   Number         0  entry7a.o ABSOLUTE
    ../clib/microlib/init/entry.s            0x00000000   Number         0  entry10a.o ABSOLUTE
    ../clib/microlib/init/entry.s            0x00000000   Number         0  entry7b.o ABSOLUTE
    ../clib/microlib/init/entry.s            0x00000000   Number         0  entry11a.o ABSOLUTE
    ../clib/microlib/init/entry.s            0x00000000   Number         0  entry8a.o ABSOLUTE
    ../clib/microlib/init/entry.s            0x00000000   Number         0  entry11b.o ABSOLUTE
    ../clib/microlib/init/entry.s            0x00000000   Number         0  entry8b.o ABSOLUTE
    ../clib/microlib/init/entry.s            0x00000000   Number         0  entry9b.o ABSOLUTE
    ../clib/microlib/init/entry.s            0x00000000   Number         0  entry10b.o ABSOLUTE
    ../clib/microlib/init/entry.s            0x00000000   Number         0  entry.o ABSOLUTE
    ..\..\Libraries\CMSIS\core_cm3.c         0x00000000   Number         0  core_cm3.o ABSOLUTE
    ..\..\Libraries\CMSIS\startup\startup_stm32f10x_hd.s 0x00000000   Number         0  startup_stm32f10x_hd.o ABSOLUTE
    ..\..\Libraries\CMSIS\system_stm32f10x.c 0x00000000   Number         0  system_stm32f10x.o ABSOLUTE
    ..\..\Libraries\FWlib\src\misc.c         0x00000000   Number         0  misc.o ABSOLUTE
    ..\..\Libraries\FWlib\src\stm32f10x_adc.c 0x00000000   Number         0  stm32f10x_adc.o ABSOLUTE
    ..\..\Libraries\FWlib\src\stm32f10x_bkp.c 0x00000000   Number         0  stm32f10x_bkp.o ABSOLUTE
    ..\..\Libraries\FWlib\src\stm32f10x_can.c 0x00000000   Number         0  stm32f10x_can.o ABSOLUTE
    ..\..\Libraries\FWlib\src\stm32f10x_cec.c 0x00000000   Number         0  stm32f10x_cec.o ABSOLUTE
    ..\..\Libraries\FWlib\src\stm32f10x_crc.c 0x00000000   Number         0  stm32f10x_crc.o ABSOLUTE
    ..\..\Libraries\FWlib\src\stm32f10x_dac.c 0x00000000   Number         0  stm32f10x_dac.o ABSOLUTE
    ..\..\Libraries\FWlib\src\stm32f10x_dbgmcu.c 0x00000000   Number         0  stm32f10x_dbgmcu.o ABSOLUTE
    ..\..\Libraries\FWlib\src\stm32f10x_dma.c 0x00000000   Number         0  stm32f10x_dma.o ABSOLUTE
    ..\..\Libraries\FWlib\src\stm32f10x_exti.c 0x00000000   Number         0  stm32f10x_exti.o ABSOLUTE
    ..\..\Libraries\FWlib\src\stm32f10x_flash.c 0x00000000   Number         0  stm32f10x_flash.o ABSOLUTE
    ..\..\Libraries\FWlib\src\stm32f10x_fsmc.c 0x00000000   Number         0  stm32f10x_fsmc.o ABSOLUTE
    ..\..\Libraries\FWlib\src\stm32f10x_gpio.c 0x00000000   Number         0  stm32f10x_gpio.o ABSOLUTE
    ..\..\Libraries\FWlib\src\stm32f10x_i2c.c 0x00000000   Number         0  stm32f10x_i2c.o ABSOLUTE
    ..\..\Libraries\FWlib\src\stm32f10x_iwdg.c 0x00000000   Number         0  stm32f10x_iwdg.o ABSOLUTE
    ..\..\Libraries\FWlib\src\stm32f10x_pwr.c 0x00000000   Number         0  stm32f10x_pwr.o ABSOLUTE
    ..\..\Libraries\FWlib\src\stm32f10x_rcc.c 0x00000000   Number         0  stm32f10x_rcc.o ABSOLUTE
    ..\..\Libraries\FWlib\src\stm32f10x_rtc.c 0x00000000   Number         0  stm32f10x_rtc.o ABSOLUTE
    ..\..\Libraries\FWlib\src\stm32f10x_sdio.c 0x00000000   Number         0  stm32f10x_sdio.o ABSOLUTE
    ..\..\Libraries\FWlib\src\stm32f10x_spi.c 0x00000000   Number         0  stm32f10x_spi.o ABSOLUTE
    ..\..\Libraries\FWlib\src\stm32f10x_tim.c 0x00000000   Number         0  stm32f10x_tim.o ABSOLUTE
    ..\..\Libraries\FWlib\src\stm32f10x_usart.c 0x00000000   Number         0  stm32f10x_usart.o ABSOLUTE
    ..\..\Libraries\FWlib\src\stm32f10x_wwdg.c 0x00000000   Number         0  stm32f10x_wwdg.o ABSOLUTE
    ..\..\User\Led\bsp_led.c                 0x00000000   Number         0  bsp_led.o ABSOLUTE
    ..\..\User\main.c                        0x00000000   Number         0  main.o ABSOLUTE
    ..\..\User\motor\motor.c                 0x00000000   Number         0  motor.o ABSOLUTE
    ..\..\User\pwm\bsp_pwm.c                 0x00000000   Number         0  bsp_pwm.o ABSOLUTE
    ..\..\User\simple\simple.c               0x00000000   Number         0  simple.o ABSOLUTE
    ..\..\User\stm32f10x_it.c                0x00000000   Number         0  stm32f10x_it.o ABSOLUTE
    ..\..\User\trace_control\trace_control.c 0x00000000   Number         0  trace_control.o ABSOLUTE
    ..\..\User\usart\bsp_usart.c             0x00000000   Number         0  bsp_usart.o ABSOLUTE
    ..\\..\\Libraries\\CMSIS\\core_cm3.c     0x00000000   Number         0  core_cm3.o ABSOLUTE
    bsp_delay.c                              0x00000000   Number         0  bsp_delay.o ABSOLUTE
    dc.s                                     0x00000000   Number         0  dc.o ABSOLUTE
    handlers.s                               0x00000000   Number         0  handlers.o ABSOLUTE
    init.s                                   0x00000000   Number         0  init.o ABSOLUTE
    RESET                                    0x08000000   Section      304  startup_stm32f10x_hd.o(RESET)
    .ARM.Collect$$$$00000000                 0x08000130   Section        0  entry.o(.ARM.Collect$$$$00000000)
    .ARM.Collect$$$$00000001                 0x08000130   Section        4  entry2.o(.ARM.Collect$$$$00000001)
    .ARM.Collect$$$$00000004                 0x08000134   Section        4  entry5.o(.ARM.Collect$$$$00000004)
    .ARM.Collect$$$$00000008                 0x08000138   Section        0  entry7b.o(.ARM.Collect$$$$00000008)
    .ARM.Collect$$$$0000000A                 0x08000138   Section        0  entry8b.o(.ARM.Collect$$$$0000000A)
    .ARM.Collect$$$$0000000B                 0x08000138   Section        8  entry9a.o(.ARM.Collect$$$$0000000B)
    .ARM.Collect$$$$0000000D                 0x08000140   Section        0  entry10a.o(.ARM.Collect$$$$0000000D)
    .ARM.Collect$$$$0000000F                 0x08000140   Section        0  entry11a.o(.ARM.Collect$$$$0000000F)
    .ARM.Collect$$$$00002712                 0x08000140   Section        4  entry2.o(.ARM.Collect$$$$00002712)
    __lit__00000000                          0x08000140   Data           4  entry2.o(.ARM.Collect$$$$00002712)
    .text                                    0x08000144   Section       36  startup_stm32f10x_hd.o(.text)
    .text                                    0x08000168   Section        0  system_stm32f10x.o(.text)
    SetSysClockTo72                          0x08000169   Thumb Code   214  system_stm32f10x.o(.text)
    SetSysClock                              0x0800023f   Thumb Code     8  system_stm32f10x.o(.text)
    .text                                    0x08000348   Section        0  misc.o(.text)
    .text                                    0x08000424   Section        0  stm32f10x_exti.o(.text)
    .text                                    0x08000540   Section        0  stm32f10x_gpio.o(.text)
    .text                                    0x0800089c   Section        0  stm32f10x_rcc.o(.text)
    .text                                    0x08000c40   Section        0  stm32f10x_tim.o(.text)
    TI4_Config                               0x080010e7   Thumb Code   130  stm32f10x_tim.o(.text)
    TI3_Config                               0x0800117b   Thumb Code   122  stm32f10x_tim.o(.text)
    TI2_Config                               0x0800120f   Thumb Code   130  stm32f10x_tim.o(.text)
    TI1_Config                               0x080012a3   Thumb Code   108  stm32f10x_tim.o(.text)
    .text                                    0x08001a5c   Section        0  main.o(.text)
    .text                                    0x08001aec   Section        0  stm32f10x_it.o(.text)
    .text                                    0x08001d74   Section        0  bsp_led.o(.text)
    .text                                    0x08001de0   Section        0  bsp_pwm.o(.text)
    GENERAL_TIM_GPIO_Config                  0x08001de1   Thumb Code    72  bsp_pwm.o(.text)
    GENERAL_TIM_Mode_Config                  0x08001e29   Thumb Code   118  bsp_pwm.o(.text)
    TIMER_NVIC_Config                        0x08001eab   Thumb Code    68  bsp_pwm.o(.text)
    TIMER_Mode_Config                        0x08001eef   Thumb Code    62  bsp_pwm.o(.text)
    CASE_TIMER_Mode_Config                   0x08001f2d   Thumb Code    64  bsp_pwm.o(.text)
    .text                                    0x08001f88   Section        0  motor.o(.text)
    motor_control_gpio_init                  0x08001f89   Thumb Code    74  motor.o(.text)
    motor_speed_select_gpio_config           0x08001fd3   Thumb Code    78  motor.o(.text)
    motor_speed_select                       0x08002021   Thumb Code   104  motor.o(.text)
    .text                                    0x08002238   Section        0  simple.o(.text)
    NVIC_Configuration                       0x08002239   Thumb Code    62  simple.o(.text)
    exti_sensor_config                       0x08002277   Thumb Code   134  simple.o(.text)
    process_startline                        0x08002335   Thumb Code    26  simple.o(.text)
    process_endturn                          0x0800234f   Thumb Code    26  simple.o(.text)
    process_endline_ignore                   0x08002369   Thumb Code    26  simple.o(.text)
    process_island_enter                     0x08002383   Thumb Code    14  simple.o(.text)
    process_island_away                      0x08002391   Thumb Code    12  simple.o(.text)
    process_trap                             0x0800239d   Thumb Code    76  simple.o(.text)
    process_endline                          0x080023e9   Thumb Code    26  simple.o(.text)
    .text                                    0x08002524   Section        0  trace_control.o(.text)
    .text                                    0x08002884   Section        0  bsp_delay.o(.text)
    .text                                    0x08002914   Section       36  init.o(.text)
    i.__scatterload_copy                     0x08002938   Section       14  handlers.o(i.__scatterload_copy)
    i.__scatterload_null                     0x08002946   Section        2  handlers.o(i.__scatterload_null)
    i.__scatterload_zeroinit                 0x08002948   Section       14  handlers.o(i.__scatterload_zeroinit)
    .data                                    0x20000000   Section       20  system_stm32f10x.o(.data)
    .data                                    0x20000014   Section       20  stm32f10x_rcc.o(.data)
    APBAHBPrescTable                         0x20000014   Data          16  stm32f10x_rcc.o(.data)
    ADCPrescTable                            0x20000024   Data           4  stm32f10x_rcc.o(.data)
    .data                                    0x20000028   Section       10  main.o(.data)
    .data                                    0x20000034   Section       28  motor.o(.data)
    control_port_table                       0x20000038   Data          16  motor.o(.data)
    control_pin_table                        0x20000048   Data           8  motor.o(.data)
    .data                                    0x20000050   Section       24  simple.o(.data)
    sensor_port_table                        0x20000050   Data          16  simple.o(.data)
    sensor_pin_table                         0x20000060   Data           8  simple.o(.data)
    STACK                                    0x20000068   Section     1024  startup_stm32f10x_hd.o(STACK)

    Global Symbols

    Symbol Name                              Value     Ov Type        Size  Object(Section)

    BuildAttributes$$THM_ISAv4$P$D$K$B$S$PE$A:L22UL41UL21$X:L11$S22US41US21$IEEE1$IW$USESV6$~STKCKD$USESV7$~SHL$OSPACE$EBA8$MICROLIB$REQ8$PRES8$EABIv2 0x00000000   Number         0  anon$$obj.o ABSOLUTE
    __ARM_use_no_argv                        0x00000000   Number         0  main.o ABSOLUTE
    __cpp_initialize__aeabi_                  - Undefined Weak Reference
    __cxa_finalize                            - Undefined Weak Reference
    __decompress                              - Undefined Weak Reference
    _clock_init                               - Undefined Weak Reference
    _microlib_exit                            - Undefined Weak Reference
    __Vectors_Size                           0x00000130   Number         0  startup_stm32f10x_hd.o ABSOLUTE
    __Vectors                                0x08000000   Data           4  startup_stm32f10x_hd.o(RESET)
    __Vectors_End                            0x08000130   Data           0  startup_stm32f10x_hd.o(RESET)
    __main                                   0x08000131   Thumb Code     0  entry.o(.ARM.Collect$$$$00000000)
    _main_stk                                0x08000131   Thumb Code     0  entry2.o(.ARM.Collect$$$$00000001)
    _main_scatterload                        0x08000135   Thumb Code     0  entry5.o(.ARM.Collect$$$$00000004)
    __main_after_scatterload                 0x08000139   Thumb Code     0  entry5.o(.ARM.Collect$$$$00000004)
    _main_clock                              0x08000139   Thumb Code     0  entry7b.o(.ARM.Collect$$$$00000008)
    _main_cpp_init                           0x08000139   Thumb Code     0  entry8b.o(.ARM.Collect$$$$0000000A)
    _main_init                               0x08000139   Thumb Code     0  entry9a.o(.ARM.Collect$$$$0000000B)
    __rt_final_cpp                           0x08000141   Thumb Code     0  entry10a.o(.ARM.Collect$$$$0000000D)
    __rt_final_exit                          0x08000141   Thumb Code     0  entry11a.o(.ARM.Collect$$$$0000000F)
    Reset_Handler                            0x08000145   Thumb Code     8  startup_stm32f10x_hd.o(.text)
    ADC1_2_IRQHandler                        0x0800015f   Thumb Code     0  startup_stm32f10x_hd.o(.text)
    ADC3_IRQHandler                          0x0800015f   Thumb Code     0  startup_stm32f10x_hd.o(.text)
    CAN1_RX1_IRQHandler                      0x0800015f   Thumb Code     0  startup_stm32f10x_hd.o(.text)
    CAN1_SCE_IRQHandler                      0x0800015f   Thumb Code     0  startup_stm32f10x_hd.o(.text)
    DMA1_Channel1_IRQHandler                 0x0800015f   Thumb Code     0  startup_stm32f10x_hd.o(.text)
    DMA1_Channel2_IRQHandler                 0x0800015f   Thumb Code     0  startup_stm32f10x_hd.o(.text)
    DMA1_Channel3_IRQHandler                 0x0800015f   Thumb Code     0  startup_stm32f10x_hd.o(.text)
    DMA1_Channel4_IRQHandler                 0x0800015f   Thumb Code     0  startup_stm32f10x_hd.o(.text)
    DMA1_Channel5_IRQHandler                 0x0800015f   Thumb Code     0  startup_stm32f10x_hd.o(.text)
    DMA1_Channel6_IRQHandler                 0x0800015f   Thumb Code     0  startup_stm32f10x_hd.o(.text)
    DMA1_Channel7_IRQHandler                 0x0800015f   Thumb Code     0  startup_stm32f10x_hd.o(.text)
    DMA2_Channel1_IRQHandler                 0x0800015f   Thumb Code     0  startup_stm32f10x_hd.o(.text)
    DMA2_Channel2_IRQHandler                 0x0800015f   Thumb Code     0  startup_stm32f10x_hd.o(.text)
    DMA2_Channel3_IRQHandler                 0x0800015f   Thumb Code     0  startup_stm32f10x_hd.o(.text)
    DMA2_Channel4_5_IRQHandler               0x0800015f   Thumb Code     0  startup_stm32f10x_hd.o(.text)
    EXTI15_10_IRQHandler                     0x0800015f   Thumb Code     0  startup_stm32f10x_hd.o(.text)
    EXTI2_IRQHandler                         0x0800015f   Thumb Code     0  startup_stm32f10x_hd.o(.text)
    EXTI3_IRQHandler                         0x0800015f   Thumb Code     0  startup_stm32f10x_hd.o(.text)
    EXTI4_IRQHandler                         0x0800015f   Thumb Code     0  startup_stm32f10x_hd.o(.text)
    EXTI9_5_IRQHandler                       0x0800015f   Thumb Code     0  startup_stm32f10x_hd.o(.text)
    FLASH_IRQHandler                         0x0800015f   Thumb Code     0  startup_stm32f10x_hd.o(.text)
    FSMC_IRQHandler                          0x0800015f   Thumb Code     0  startup_stm32f10x_hd.o(.text)
    I2C1_ER_IRQHandler                       0x0800015f   Thumb Code     0  startup_stm32f10x_hd.o(.text)
    I2C1_EV_IRQHandler                       0x0800015f   Thumb Code     0  startup_stm32f10x_hd.o(.text)
    I2C2_ER_IRQHandler                       0x0800015f   Thumb Code     0  startup_stm32f10x_hd.o(.text)
    I2C2_EV_IRQHandler                       0x0800015f   Thumb Code     0  startup_stm32f10x_hd.o(.text)
    PVD_IRQHandler                           0x0800015f   Thumb Code     0  startup_stm32f10x_hd.o(.text)
    RCC_IRQHandler                           0x0800015f   Thumb Code     0  startup_stm32f10x_hd.o(.text)
    RTCAlarm_IRQHandler                      0x0800015f   Thumb Code     0  startup_stm32f10x_hd.o(.text)
    RTC_IRQHandler                           0x0800015f   Thumb Code     0  startup_stm32f10x_hd.o(.text)
    SDIO_IRQHandler                          0x0800015f   Thumb Code     0  startup_stm32f10x_hd.o(.text)
    SPI1_IRQHandler                          0x0800015f   Thumb Code     0  startup_stm32f10x_hd.o(.text)
    SPI2_IRQHandler                          0x0800015f   Thumb Code     0  startup_stm32f10x_hd.o(.text)
    SPI3_IRQHandler                          0x0800015f   Thumb Code     0  startup_stm32f10x_hd.o(.text)
    TAMPER_IRQHandler                        0x0800015f   Thumb Code     0  startup_stm32f10x_hd.o(.text)
    TIM1_BRK_IRQHandler                      0x0800015f   Thumb Code     0  startup_stm32f10x_hd.o(.text)
    TIM1_CC_IRQHandler                       0x0800015f   Thumb Code     0  startup_stm32f10x_hd.o(.text)
    TIM1_TRG_COM_IRQHandler                  0x0800015f   Thumb Code     0  startup_stm32f10x_hd.o(.text)
    TIM1_UP_IRQHandler                       0x0800015f   Thumb Code     0  startup_stm32f10x_hd.o(.text)
    TIM3_IRQHandler                          0x0800015f   Thumb Code     0  startup_stm32f10x_hd.o(.text)
    TIM5_IRQHandler                          0x0800015f   Thumb Code     0  startup_stm32f10x_hd.o(.text)
    TIM6_IRQHandler                          0x0800015f   Thumb Code     0  startup_stm32f10x_hd.o(.text)
    TIM7_IRQHandler                          0x0800015f   Thumb Code     0  startup_stm32f10x_hd.o(.text)
    TIM8_BRK_IRQHandler                      0x0800015f   Thumb Code     0  startup_stm32f10x_hd.o(.text)
    TIM8_CC_IRQHandler                       0x0800015f   Thumb Code     0  startup_stm32f10x_hd.o(.text)
    TIM8_TRG_COM_IRQHandler                  0x0800015f   Thumb Code     0  startup_stm32f10x_hd.o(.text)
    TIM8_UP_IRQHandler                       0x0800015f   Thumb Code     0  startup_stm32f10x_hd.o(.text)
    UART4_IRQHandler                         0x0800015f   Thumb Code     0  startup_stm32f10x_hd.o(.text)
    UART5_IRQHandler                         0x0800015f   Thumb Code     0  startup_stm32f10x_hd.o(.text)
    USART1_IRQHandler                        0x0800015f   Thumb Code     0  startup_stm32f10x_hd.o(.text)
    USART2_IRQHandler                        0x0800015f   Thumb Code     0  startup_stm32f10x_hd.o(.text)
    USART3_IRQHandler                        0x0800015f   Thumb Code     0  startup_stm32f10x_hd.o(.text)
    USBWakeUp_IRQHandler                     0x0800015f   Thumb Code     0  startup_stm32f10x_hd.o(.text)
    USB_HP_CAN1_TX_IRQHandler                0x0800015f   Thumb Code     0  startup_stm32f10x_hd.o(.text)
    USB_LP_CAN1_RX0_IRQHandler               0x0800015f   Thumb Code     0  startup_stm32f10x_hd.o(.text)
    WWDG_IRQHandler                          0x0800015f   Thumb Code     0  startup_stm32f10x_hd.o(.text)
    SystemInit                               0x08000247   Thumb Code    78  system_stm32f10x.o(.text)
    SystemCoreClockUpdate                    0x08000295   Thumb Code   142  system_stm32f10x.o(.text)
    NVIC_PriorityGroupConfig                 0x08000349   Thumb Code    10  misc.o(.text)
    NVIC_Init                                0x08000353   Thumb Code   100  misc.o(.text)
    NVIC_SetVectorTable                      0x080003b7   Thumb Code    14  misc.o(.text)
    NVIC_SystemLPConfig                      0x080003c5   Thumb Code    34  misc.o(.text)
    SysTick_CLKSourceConfig                  0x080003e7   Thumb Code    40  misc.o(.text)
    EXTI_DeInit                              0x08000425   Thumb Code    28  stm32f10x_exti.o(.text)
    EXTI_Init                                0x08000441   Thumb Code   142  stm32f10x_exti.o(.text)
    EXTI_StructInit                          0x080004cf   Thumb Code    16  stm32f10x_exti.o(.text)
    EXTI_GenerateSWInterrupt                 0x080004df   Thumb Code    16  stm32f10x_exti.o(.text)
    EXTI_GetFlagStatus                       0x080004ef   Thumb Code    22  stm32f10x_exti.o(.text)
    EXTI_ClearFlag                           0x08000505   Thumb Code     8  stm32f10x_exti.o(.text)
    EXTI_GetITStatus                         0x0800050d   Thumb Code    34  stm32f10x_exti.o(.text)
    EXTI_ClearITPendingBit                   0x0800052f   Thumb Code     8  stm32f10x_exti.o(.text)
    GPIO_DeInit                              0x08000541   Thumb Code   172  stm32f10x_gpio.o(.text)
    GPIO_AFIODeInit                          0x080005ed   Thumb Code    20  stm32f10x_gpio.o(.text)
    GPIO_Init                                0x08000601   Thumb Code   278  stm32f10x_gpio.o(.text)
    GPIO_StructInit                          0x08000717   Thumb Code    16  stm32f10x_gpio.o(.text)
    GPIO_ReadInputDataBit                    0x08000727   Thumb Code    18  stm32f10x_gpio.o(.text)
    GPIO_ReadInputData                       0x08000739   Thumb Code     8  stm32f10x_gpio.o(.text)
    GPIO_ReadOutputDataBit                   0x08000741   Thumb Code    18  stm32f10x_gpio.o(.text)
    GPIO_ReadOutputData                      0x08000753   Thumb Code     8  stm32f10x_gpio.o(.text)
    GPIO_SetBits                             0x0800075b   Thumb Code     4  stm32f10x_gpio.o(.text)
    GPIO_ResetBits                           0x0800075f   Thumb Code     4  stm32f10x_gpio.o(.text)
    GPIO_WriteBit                            0x08000763   Thumb Code    10  stm32f10x_gpio.o(.text)
    GPIO_Write                               0x0800076d   Thumb Code     4  stm32f10x_gpio.o(.text)
    GPIO_PinLockConfig                       0x08000771   Thumb Code    18  stm32f10x_gpio.o(.text)
    GPIO_EventOutputConfig                   0x08000783   Thumb Code    26  stm32f10x_gpio.o(.text)
    GPIO_EventOutputCmd                      0x0800079d   Thumb Code     6  stm32f10x_gpio.o(.text)
    GPIO_PinRemapConfig                      0x080007a3   Thumb Code   138  stm32f10x_gpio.o(.text)
    GPIO_EXTILineConfig                      0x0800082d   Thumb Code    66  stm32f10x_gpio.o(.text)
    GPIO_ETH_MediaInterfaceConfig            0x0800086f   Thumb Code     8  stm32f10x_gpio.o(.text)
    RCC_DeInit                               0x0800089d   Thumb Code    64  stm32f10x_rcc.o(.text)
    RCC_HSEConfig                            0x080008dd   Thumb Code    70  stm32f10x_rcc.o(.text)
    RCC_GetFlagStatus                        0x08000923   Thumb Code    56  stm32f10x_rcc.o(.text)
    RCC_WaitForHSEStartUp                    0x0800095b   Thumb Code    56  stm32f10x_rcc.o(.text)
    RCC_AdjustHSICalibrationValue            0x08000993   Thumb Code    20  stm32f10x_rcc.o(.text)
    RCC_HSICmd                               0x080009a7   Thumb Code     6  stm32f10x_rcc.o(.text)
    RCC_PLLConfig                            0x080009ad   Thumb Code    24  stm32f10x_rcc.o(.text)
    RCC_PLLCmd                               0x080009c5   Thumb Code     6  stm32f10x_rcc.o(.text)
    RCC_SYSCLKConfig                         0x080009cb   Thumb Code    18  stm32f10x_rcc.o(.text)
    RCC_GetSYSCLKSource                      0x080009dd   Thumb Code    10  stm32f10x_rcc.o(.text)
    RCC_HCLKConfig                           0x080009e7   Thumb Code    18  stm32f10x_rcc.o(.text)
    RCC_PCLK1Config                          0x080009f9   Thumb Code    18  stm32f10x_rcc.o(.text)
    RCC_PCLK2Config                          0x08000a0b   Thumb Code    20  stm32f10x_rcc.o(.text)
    RCC_ITConfig                             0x08000a1f   Thumb Code    26  stm32f10x_rcc.o(.text)
    RCC_USBCLKConfig                         0x08000a39   Thumb Code     8  stm32f10x_rcc.o(.text)
    RCC_ADCCLKConfig                         0x08000a41   Thumb Code    18  stm32f10x_rcc.o(.text)
    RCC_LSEConfig                            0x08000a53   Thumb Code    50  stm32f10x_rcc.o(.text)
    RCC_LSICmd                               0x08000a85   Thumb Code     6  stm32f10x_rcc.o(.text)
    RCC_RTCCLKConfig                         0x08000a8b   Thumb Code    12  stm32f10x_rcc.o(.text)
    RCC_RTCCLKCmd                            0x08000a97   Thumb Code     8  stm32f10x_rcc.o(.text)
    RCC_GetClocksFreq                        0x08000a9f   Thumb Code   192  stm32f10x_rcc.o(.text)
    RCC_AHBPeriphClockCmd                    0x08000b5f   Thumb Code    26  stm32f10x_rcc.o(.text)
    RCC_APB2PeriphClockCmd                   0x08000b79   Thumb Code    26  stm32f10x_rcc.o(.text)
    RCC_APB1PeriphClockCmd                   0x08000b93   Thumb Code    26  stm32f10x_rcc.o(.text)
    RCC_APB2PeriphResetCmd                   0x08000bad   Thumb Code    26  stm32f10x_rcc.o(.text)
    RCC_APB1PeriphResetCmd                   0x08000bc7   Thumb Code    26  stm32f10x_rcc.o(.text)
    RCC_BackupResetCmd                       0x08000be1   Thumb Code     8  stm32f10x_rcc.o(.text)
    RCC_ClockSecuritySystemCmd               0x08000be9   Thumb Code     6  stm32f10x_rcc.o(.text)
    RCC_MCOConfig                            0x08000bef   Thumb Code     6  stm32f10x_rcc.o(.text)
    RCC_ClearFlag                            0x08000bf5   Thumb Code    14  stm32f10x_rcc.o(.text)
    RCC_GetITStatus                          0x08000c03   Thumb Code    20  stm32f10x_rcc.o(.text)
    RCC_ClearITPendingBit                    0x08000c17   Thumb Code     6  stm32f10x_rcc.o(.text)
    TIM_DeInit                               0x08000c41   Thumb Code   424  stm32f10x_tim.o(.text)
    TIM_TimeBaseInit                         0x08000de9   Thumb Code   122  stm32f10x_tim.o(.text)
    TIM_OC1Init                              0x08000e63   Thumb Code   132  stm32f10x_tim.o(.text)
    TIM_OC2Init                              0x08000ee7   Thumb Code   154  stm32f10x_tim.o(.text)
    TIM_OC3Init                              0x08000f81   Thumb Code   150  stm32f10x_tim.o(.text)
    TIM_OC4Init                              0x08001017   Thumb Code   182  stm32f10x_tim.o(.text)
    TIM_SetIC4Prescaler                      0x080010cd   Thumb Code    26  stm32f10x_tim.o(.text)
    TIM_SetIC3Prescaler                      0x08001169   Thumb Code    18  stm32f10x_tim.o(.text)
    TIM_SetIC2Prescaler                      0x080011f5   Thumb Code    26  stm32f10x_tim.o(.text)
    TIM_SetIC1Prescaler                      0x08001291   Thumb Code    18  stm32f10x_tim.o(.text)
    TIM_ICInit                               0x0800130f   Thumb Code   150  stm32f10x_tim.o(.text)
    TIM_PWMIConfig                           0x080013a5   Thumb Code   124  stm32f10x_tim.o(.text)
    TIM_BDTRConfig                           0x08001421   Thumb Code    32  stm32f10x_tim.o(.text)
    TIM_TimeBaseStructInit                   0x08001441   Thumb Code    18  stm32f10x_tim.o(.text)
    TIM_OCStructInit                         0x08001453   Thumb Code    20  stm32f10x_tim.o(.text)
    TIM_ICStructInit                         0x08001467   Thumb Code    18  stm32f10x_tim.o(.text)
    TIM_BDTRStructInit                       0x08001479   Thumb Code    40  stm32f10x_tim.o(.text)
    TIM_Cmd                                  0x080014a1   Thumb Code    24  stm32f10x_tim.o(.text)
    TIM_CtrlPWMOutputs                       0x080014b9   Thumb Code    30  stm32f10x_tim.o(.text)
    TIM_ITConfig                             0x080014d7   Thumb Code    18  stm32f10x_tim.o(.text)
    TIM_GenerateEvent                        0x080014e9   Thumb Code     4  stm32f10x_tim.o(.text)
    TIM_DMAConfig                            0x080014ed   Thumb Code    10  stm32f10x_tim.o(.text)
    TIM_DMACmd                               0x080014f7   Thumb Code    18  stm32f10x_tim.o(.text)
    TIM_InternalClockConfig                  0x08001509   Thumb Code    12  stm32f10x_tim.o(.text)
    TIM_SelectInputTrigger                   0x08001515   Thumb Code    18  stm32f10x_tim.o(.text)
    TIM_ITRxExternalClockConfig              0x08001527   Thumb Code    24  stm32f10x_tim.o(.text)
    TIM_TIxExternalClockConfig               0x0800153f   Thumb Code    62  stm32f10x_tim.o(.text)
    TIM_ETRConfig                            0x0800157d   Thumb Code    28  stm32f10x_tim.o(.text)
    TIM_ETRClockMode1Config                  0x08001599   Thumb Code    54  stm32f10x_tim.o(.text)
    TIM_ETRClockMode2Config                  0x080015cf   Thumb Code    32  stm32f10x_tim.o(.text)
    TIM_PrescalerConfig                      0x080015ef   Thumb Code     6  stm32f10x_tim.o(.text)
    TIM_CounterModeConfig                    0x080015f5   Thumb Code    18  stm32f10x_tim.o(.text)
    TIM_EncoderInterfaceConfig               0x08001607   Thumb Code    66  stm32f10x_tim.o(.text)
    TIM_ForcedOC1Config                      0x08001649   Thumb Code    18  stm32f10x_tim.o(.text)
    TIM_ForcedOC2Config                      0x0800165b   Thumb Code    26  stm32f10x_tim.o(.text)
    TIM_ForcedOC3Config                      0x08001675   Thumb Code    18  stm32f10x_tim.o(.text)
    TIM_ForcedOC4Config                      0x08001687   Thumb Code    26  stm32f10x_tim.o(.text)
    TIM_ARRPreloadConfig                     0x080016a1   Thumb Code    24  stm32f10x_tim.o(.text)
    TIM_SelectCOM                            0x080016b9   Thumb Code    24  stm32f10x_tim.o(.text)
    TIM_SelectCCDMA                          0x080016d1   Thumb Code    24  stm32f10x_tim.o(.text)
    TIM_CCPreloadControl                     0x080016e9   Thumb Code    24  stm32f10x_tim.o(.text)
    TIM_OC1PreloadConfig                     0x08001701   Thumb Code    18  stm32f10x_tim.o(.text)
    TIM_OC2PreloadConfig                     0x08001713   Thumb Code    26  stm32f10x_tim.o(.text)
    TIM_OC3PreloadConfig                     0x0800172d   Thumb Code    18  stm32f10x_tim.o(.text)
    TIM_OC4PreloadConfig                     0x0800173f   Thumb Code    26  stm32f10x_tim.o(.text)
    TIM_OC1FastConfig                        0x08001759   Thumb Code    18  stm32f10x_tim.o(.text)
    TIM_OC2FastConfig                        0x0800176b   Thumb Code    26  stm32f10x_tim.o(.text)
    TIM_OC3FastConfig                        0x08001785   Thumb Code    18  stm32f10x_tim.o(.text)
    TIM_OC4FastConfig                        0x08001797   Thumb Code    26  stm32f10x_tim.o(.text)
    TIM_ClearOC1Ref                          0x080017b1   Thumb Code    18  stm32f10x_tim.o(.text)
    TIM_ClearOC2Ref                          0x080017c3   Thumb Code    24  stm32f10x_tim.o(.text)
    TIM_ClearOC3Ref                          0x080017db   Thumb Code    18  stm32f10x_tim.o(.text)
    TIM_ClearOC4Ref                          0x080017ed   Thumb Code    24  stm32f10x_tim.o(.text)
    TIM_OC1PolarityConfig                    0x08001805   Thumb Code    18  stm32f10x_tim.o(.text)
    TIM_OC1NPolarityConfig                   0x08001817   Thumb Code    18  stm32f10x_tim.o(.text)
    TIM_OC2PolarityConfig                    0x08001829   Thumb Code    26  stm32f10x_tim.o(.text)
    TIM_OC2NPolarityConfig                   0x08001843   Thumb Code    26  stm32f10x_tim.o(.text)
    TIM_OC3PolarityConfig                    0x0800185d   Thumb Code    26  stm32f10x_tim.o(.text)
    TIM_OC3NPolarityConfig                   0x08001877   Thumb Code    26  stm32f10x_tim.o(.text)
    TIM_OC4PolarityConfig                    0x08001891   Thumb Code    26  stm32f10x_tim.o(.text)
    TIM_CCxCmd                               0x080018ab   Thumb Code    30  stm32f10x_tim.o(.text)
    TIM_CCxNCmd                              0x080018c9   Thumb Code    30  stm32f10x_tim.o(.text)
    TIM_SelectOCxM                           0x080018e7   Thumb Code    82  stm32f10x_tim.o(.text)
    TIM_UpdateDisableConfig                  0x08001939   Thumb Code    24  stm32f10x_tim.o(.text)
    TIM_UpdateRequestConfig                  0x08001951   Thumb Code    24  stm32f10x_tim.o(.text)
    TIM_SelectHallSensor                     0x08001969   Thumb Code    24  stm32f10x_tim.o(.text)
    TIM_SelectOnePulseMode                   0x08001981   Thumb Code    18  stm32f10x_tim.o(.text)
    TIM_SelectOutputTrigger                  0x08001993   Thumb Code    18  stm32f10x_tim.o(.text)
    TIM_SelectSlaveMode                      0x080019a5   Thumb Code    18  stm32f10x_tim.o(.text)
    TIM_SelectMasterSlaveMode                0x080019b7   Thumb Code    18  stm32f10x_tim.o(.text)
    TIM_SetCounter                           0x080019c9   Thumb Code     4  stm32f10x_tim.o(.text)
    TIM_SetAutoreload                        0x080019cd   Thumb Code     4  stm32f10x_tim.o(.text)
    TIM_SetCompare1                          0x080019d1   Thumb Code     4  stm32f10x_tim.o(.text)
    TIM_SetCompare2                          0x080019d5   Thumb Code     4  stm32f10x_tim.o(.text)
    TIM_SetCompare3                          0x080019d9   Thumb Code     4  stm32f10x_tim.o(.text)
    TIM_SetCompare4                          0x080019dd   Thumb Code     6  stm32f10x_tim.o(.text)
    TIM_SetClockDivision                     0x080019e3   Thumb Code    18  stm32f10x_tim.o(.text)
    TIM_GetCapture1                          0x080019f5   Thumb Code     6  stm32f10x_tim.o(.text)
    TIM_GetCapture2                          0x080019fb   Thumb Code     6  stm32f10x_tim.o(.text)
    TIM_GetCapture3                          0x08001a01   Thumb Code     6  stm32f10x_tim.o(.text)
    TIM_GetCapture4                          0x08001a07   Thumb Code     8  stm32f10x_tim.o(.text)
    TIM_GetCounter                           0x08001a0f   Thumb Code     6  stm32f10x_tim.o(.text)
    TIM_GetPrescaler                         0x08001a15   Thumb Code     6  stm32f10x_tim.o(.text)
    TIM_GetFlagStatus                        0x08001a1b   Thumb Code    18  stm32f10x_tim.o(.text)
    TIM_ClearFlag                            0x08001a2d   Thumb Code     6  stm32f10x_tim.o(.text)
    TIM_GetITStatus                          0x08001a33   Thumb Code    34  stm32f10x_tim.o(.text)
    TIM_ClearITPendingBit                    0x08001a55   Thumb Code     6  stm32f10x_tim.o(.text)
    main                                     0x08001a5d   Thumb Code   124  main.o(.text)
    NMI_Handler                              0x08001aed   Thumb Code     2  stm32f10x_it.o(.text)
    HardFault_Handler                        0x08001aef   Thumb Code     4  stm32f10x_it.o(.text)
    MemManage_Handler                        0x08001af3   Thumb Code     4  stm32f10x_it.o(.text)
    BusFault_Handler                         0x08001af7   Thumb Code     4  stm32f10x_it.o(.text)
    UsageFault_Handler                       0x08001afb   Thumb Code     4  stm32f10x_it.o(.text)
    SVC_Handler                              0x08001aff   Thumb Code     2  stm32f10x_it.o(.text)
    DebugMon_Handler                         0x08001b01   Thumb Code     2  stm32f10x_it.o(.text)
    PendSV_Handler                           0x08001b03   Thumb Code     2  stm32f10x_it.o(.text)
    SysTick_Handler                          0x08001b05   Thumb Code     2  stm32f10x_it.o(.text)
    TIM4_IRQHandler                          0x08001b07   Thumb Code    32  stm32f10x_it.o(.text)
    TIM2_IRQHandler                          0x08001b27   Thumb Code    44  stm32f10x_it.o(.text)
    EXTI0_IRQHandler                         0x08001b53   Thumb Code   266  stm32f10x_it.o(.text)
    EXTI1_IRQHandler                         0x08001c5d   Thumb Code   240  stm32f10x_it.o(.text)
    led_init                                 0x08001d75   Thumb Code   102  bsp_led.o(.text)
    GENERAL_TIM_Init                         0x08001e9f   Thumb Code    12  bsp_pwm.o(.text)
    timer_Init                               0x08001f6d   Thumb Code    16  bsp_pwm.o(.text)
    motor_init                               0x08002089   Thumb Code    20  motor.o(.text)
    motor_fb_control                         0x0800209d   Thumb Code   138  motor.o(.text)
    motor_slow                               0x08002127   Thumb Code    36  motor.o(.text)
    motor_forward                            0x0800214b   Thumb Code    30  motor.o(.text)
    motor_stop                               0x08002169   Thumb Code    12  motor.o(.text)
    motor_brake                              0x08002175   Thumb Code    86  motor.o(.text)
    motor_spin_left                          0x080021cb   Thumb Code    36  motor.o(.text)
    motor_spin_right                         0x080021ef   Thumb Code    36  motor.o(.text)
    sensor_init                              0x080022fd   Thumb Code    56  simple.o(.text)
    process_int                              0x08002403   Thumb Code   118  simple.o(.text)
    sensor_simple                            0x08002479   Thumb Code   124  simple.o(.text)
    trace_normal                             0x08002525   Thumb Code    84  trace_control.o(.text)
    trace_adjust_left                        0x08002579   Thumb Code     8  trace_control.o(.text)
    trace_adjust_right                       0x08002581   Thumb Code     8  trace_control.o(.text)
    trace_spin_right                         0x08002589   Thumb Code   376  trace_control.o(.text)
    trace_spin_left                          0x08002701   Thumb Code   362  trace_control.o(.text)
    systick_delay_us                         0x08002885   Thumb Code   126  bsp_delay.o(.text)
    __scatterload                            0x08002915   Thumb Code    28  init.o(.text)
    __scatterload_rt2                        0x08002915   Thumb Code     0  init.o(.text)
    __scatterload_copy                       0x08002939   Thumb Code    14  handlers.o(i.__scatterload_copy)
    __scatterload_null                       0x08002947   Thumb Code     2  handlers.o(i.__scatterload_null)
    __scatterload_zeroinit                   0x08002949   Thumb Code    14  handlers.o(i.__scatterload_zeroinit)
    Region$$Table$$Base                      0x08002958   Number         0  anon$$obj.o(Region$$Table)
    Region$$Table$$Limit                     0x08002978   Number         0  anon$$obj.o(Region$$Table)
    SystemCoreClock                          0x20000000   Data           4  system_stm32f10x.o(.data)
    AHBPrescTable                            0x20000004   Data          16  system_stm32f10x.o(.data)
    left_spin_lock                           0x20000028   Data           1  main.o(.data)
    right_spin_lock                          0x20000029   Data           1  main.o(.data)
    simple_lock                              0x2000002a   Data           1  main.o(.data)
    case_timer_lock                          0x2000002b   Data           1  main.o(.data)
    nr_case                                  0x2000002c   Data           1  main.o(.data)
    need_process                             0x2000002d   Data           1  main.o(.data)
    flag_spcecial                            0x2000002e   Data           1  main.o(.data)
    MOTOR_NORMAL_SPEED_LEVEL                 0x2000002f   Data           1  main.o(.data)
    MOTOR_SPIN_SPEED_LEVEL                   0x20000030   Data           1  main.o(.data)
    MOTOR_SLOW_SPEED_LEVEL                   0x20000031   Data           1  main.o(.data)
    motor_speed_mode                         0x20000034   Data           1  motor.o(.data)
    __initial_sp                             0x20000468   Data           0  startup_stm32f10x_hd.o(STACK)



==============================================================================

Memory Map of the image

  Image Entry point : 0x08000131

  Load Region LR_IROM1 (Base: 0x08000000, Size: 0x000029e0, Max: 0x00010000, ABSOLUTE)

    Execution Region ER_IROM1 (Base: 0x08000000, Size: 0x00002978, Max: 0x00010000, ABSOLUTE)

    Base Addr    Size         Type   Attr      Idx    E Section Name        Object

    0x08000000   0x00000130   Data   RO            3    RESET               startup_stm32f10x_hd.o
    0x08000130   0x00000000   Code   RO          567  * .ARM.Collect$$$$00000000  mc_w.l(entry.o)
    0x08000130   0x00000004   Code   RO          570    .ARM.Collect$$$$00000001  mc_w.l(entry2.o)
    0x08000134   0x00000004   Code   RO          573    .ARM.Collect$$$$00000004  mc_w.l(entry5.o)
    0x08000138   0x00000000   Code   RO          575    .ARM.Collect$$$$00000008  mc_w.l(entry7b.o)
    0x08000138   0x00000000   Code   RO          577    .ARM.Collect$$$$0000000A  mc_w.l(entry8b.o)
    0x08000138   0x00000008   Code   RO          578    .ARM.Collect$$$$0000000B  mc_w.l(entry9a.o)
    0x08000140   0x00000000   Code   RO          580    .ARM.Collect$$$$0000000D  mc_w.l(entry10a.o)
    0x08000140   0x00000000   Code   RO          582    .ARM.Collect$$$$0000000F  mc_w.l(entry11a.o)
    0x08000140   0x00000004   Code   RO          571    .ARM.Collect$$$$00002712  mc_w.l(entry2.o)
    0x08000144   0x00000024   Code   RO            4    .text               startup_stm32f10x_hd.o
    0x08000168   0x000001e0   Code   RO           24    .text               system_stm32f10x.o
    0x08000348   0x000000dc   Code   RO           91    .text               misc.o
    0x08000424   0x0000011c   Code   RO          209    .text               stm32f10x_exti.o
    0x08000540   0x0000035c   Code   RO          251    .text               stm32f10x_gpio.o
    0x0800089c   0x000003a4   Code   RO          305    .text               stm32f10x_rcc.o
    0x08000c40   0x00000e1a   Code   RO          364    .text               stm32f10x_tim.o
    0x08001a5a   0x00000002   PAD
    0x08001a5c   0x00000090   Code   RO          403    .text               main.o
    0x08001aec   0x00000288   Code   RO          443    .text               stm32f10x_it.o
    0x08001d74   0x0000006c   Code   RO          459    .text               bsp_led.o
    0x08001de0   0x000001a8   Code   RO          486    .text               bsp_pwm.o
    0x08001f88   0x000002b0   Code   RO          498    .text               motor.o
    0x08002238   0x000002ec   Code   RO          514    .text               simple.o
    0x08002524   0x00000360   Code   RO          538    .text               trace_control.o
    0x08002884   0x00000090   Code   RO          551    .text               bsp_delay.o
    0x08002914   0x00000024   Code   RO          584    .text               mc_w.l(init.o)
    0x08002938   0x0000000e   Code   RO          588    i.__scatterload_copy  mc_w.l(handlers.o)
    0x08002946   0x00000002   Code   RO          589    i.__scatterload_null  mc_w.l(handlers.o)
    0x08002948   0x0000000e   Code   RO          590    i.__scatterload_zeroinit  mc_w.l(handlers.o)
    0x08002956   0x00000002   PAD
    0x08002958   0x00000020   Data   RO          586    Region$$Table       anon$$obj.o


    Execution Region RW_IRAM1 (Base: 0x20000000, Size: 0x00000468, Max: 0x00005000, ABSOLUTE)

    Base Addr    Size         Type   Attr      Idx    E Section Name        Object

    0x20000000   0x00000014   Data   RW           25    .data               system_stm32f10x.o
    0x20000014   0x00000014   Data   RW          306    .data               stm32f10x_rcc.o
    0x20000028   0x0000000a   Data   RW          404    .data               main.o
    0x20000032   0x00000002   PAD
    0x20000034   0x0000001c   Data   RW          499    .data               motor.o
    0x20000050   0x00000018   Data   RW          515    .data               simple.o
    0x20000068   0x00000400   Zero   RW            1    STACK               startup_stm32f10x_hd.o


==============================================================================

Image component sizes


      Code (inc. data)   RO Data    RW Data    ZI Data      Debug   Object Name

       144         18          0          0          0      15822   bsp_delay.o
       108          6          0          0          0        511   bsp_led.o
       424         12          0          0          0       1526   bsp_pwm.o
         0          0          0          0          0       4504   core_cm3.o
       144         26          0         10          0       1802   main.o
       220         22          0          0          0       1813   misc.o
       688         38          0         28          0       3079   motor.o
       748         62          0         24          0       3367   simple.o
        36          8        304          0       1024        864   startup_stm32f10x_hd.o
       284         10          0          0          0       2247   stm32f10x_exti.o
       860         38          0          0          0       5657   stm32f10x_gpio.o
       648         54          0          0          0       2140   stm32f10x_it.o
       932         36          0         20          0       8832   stm32f10x_rcc.o
      3610         88          0          0          0      22144   stm32f10x_tim.o
       480         38          0         20          0     245007   system_stm32f10x.o
       864         26          0          0          0       1597   trace_control.o

    ----------------------------------------------------------------------
     10192        482        336        104       1024     320912   Object Totals
         0          0         32          0          0          0   (incl. Generated)
         2          0          0          2          0          0   (incl. Padding)

    ----------------------------------------------------------------------

      Code (inc. data)   RO Data    RW Data    ZI Data      Debug   Library Member Name

         0          0          0          0          0          0   entry.o
         0          0          0          0          0          0   entry10a.o
         0          0          0          0          0          0   entry11a.o
         8          4          0          0          0          0   entry2.o
         4          0          0          0          0          0   entry5.o
         0          0          0          0          0          0   entry7b.o
         0          0          0          0          0          0   entry8b.o
         8          4          0          0          0          0   entry9a.o
        30          0          0          0          0          0   handlers.o
        36          8          0          0          0         68   init.o

    ----------------------------------------------------------------------
        88         16          0          0          0         68   Library Totals
         2          0          0          0          0          0   (incl. Padding)

    ----------------------------------------------------------------------

      Code (inc. data)   RO Data    RW Data    ZI Data      Debug   Library Name

        86         16          0          0          0         68   mc_w.l

    ----------------------------------------------------------------------
        88         16          0          0          0         68   Library Totals

    ----------------------------------------------------------------------

==============================================================================


      Code (inc. data)   RO Data    RW Data    ZI Data      Debug   

     10280        498        336        104       1024     319936   Grand Totals
     10280        498        336        104       1024     319936   ELF Image Totals
     10280        498        336        104          0          0   ROM Totals

==============================================================================

    Total RO  Size (Code + RO Data)                10616 (  10.37kB)
    Total RW  Size (RW Data + ZI Data)              1128 (   1.10kB)
    Total ROM Size (Code + RO Data + RW Data)      10720 (  10.47kB)

==============================================================================

